ERROR - 2026-01-04 01:16:38 --> Error connecting to the database: mysqli_sql_exception: No such file or directory in /var/www/html/system/Database/MySQLi/Connection.php:201
Stack trace:
#0 /var/www/html/system/Database/MySQLi/Connection.php(201): mysqli->real_connect('localhost', '', Object(SensitiveParameterValue), '', 3306, '', 0)
#1 /var/www/html/system/Database/BaseConnection.php(419): CodeIgniter\Database\MySQLi\Connection->connect(false)
#2 /var/www/html/system/Database/BaseConnection.php(614): CodeIgniter\Database\BaseConnection->initialize()
#3 /var/www/html/system/Database/BaseConnection.php(1525): CodeIgniter\Database\BaseConnection->query('SHOW TABLES FRO...')
#4 /var/www/html/system/Database/BaseConnection.php(1545): CodeIgniter\Database\BaseConnection->listTables()
#5 /var/www/html/system/Database/MigrationRunner.php(766): CodeIgniter\Database\BaseConnection->tableExists('migrations')
#6 /var/www/html/system/Database/MigrationRunner.php(160): CodeIgniter\Database\MigrationRunner->ensureTable()
#7 /var/www/html/system/Commands/Database/Migrate.php(85): CodeIgniter\Database\MigrationRunner->latest(NULL)
#8 /var/www/html/system/CLI/Commands.php(74): CodeIgniter\Commands\Database\Migrate->run(Array)
#9 /var/www/html/system/CLI/Console.php(47): CodeIgniter\CLI\Commands->run('migrate', Array)
#10 /var/www/html/system/Boot.php(388): CodeIgniter\CLI\Console->run()
#11 /var/www/html/system/Boot.php(133): CodeIgniter\Boot::runCommand(Object(CodeIgniter\CLI\Console))
#12 /var/www/html/spark(87): CodeIgniter\Boot::bootSpark(Object(Config\Paths))
#13 {main}

Next CodeIgniter\Database\Exceptions\DatabaseException: No such file or directory in /var/www/html/system/Database/MySQLi/Connection.php:246
Stack trace:
#0 /var/www/html/system/Database/BaseConnection.php(419): CodeIgniter\Database\MySQLi\Connection->connect(false)
#1 /var/www/html/system/Database/BaseConnection.php(614): CodeIgniter\Database\BaseConnection->initialize()
#2 /var/www/html/system/Database/BaseConnection.php(1525): CodeIgniter\Database\BaseConnection->query('SHOW TABLES FRO...')
#3 /var/www/html/system/Database/BaseConnection.php(1545): CodeIgniter\Database\BaseConnection->listTables()
#4 /var/www/html/system/Database/MigrationRunner.php(766): CodeIgniter\Database\BaseConnection->tableExists('migrations')
#5 /var/www/html/system/Database/MigrationRunner.php(160): CodeIgniter\Database\MigrationRunner->ensureTable()
#6 /var/www/html/system/Commands/Database/Migrate.php(85): CodeIgniter\Database\MigrationRunner->latest(NULL)
#7 /var/www/html/system/CLI/Commands.php(74): CodeIgniter\Commands\Database\Migrate->run(Array)
#8 /var/www/html/system/CLI/Console.php(47): CodeIgniter\CLI\Commands->run('migrate', Array)
#9 /var/www/html/system/Boot.php(388): CodeIgniter\CLI\Console->run()
#10 /var/www/html/system/Boot.php(133): CodeIgniter\Boot::runCommand(Object(CodeIgniter\CLI\Console))
#11 /var/www/html/spark(87): CodeIgniter\Boot::bootSpark(Object(Config\Paths))
#12 {main}
ERROR - 2026-01-04 01:20:46 --> Error connecting to the database: mysqli_sql_exception: Access denied for user 'user'@'%' to database 'userservice' in /var/www/html/system/Database/MySQLi/Connection.php:201
Stack trace:
#0 /var/www/html/system/Database/MySQLi/Connection.php(201): mysqli->real_connect('db', 'user', Object(SensitiveParameterValue), 'userservice', 3306, '', 0)
#1 /var/www/html/system/Database/BaseConnection.php(419): CodeIgniter\Database\MySQLi\Connection->connect(false)
#2 /var/www/html/system/Database/BaseConnection.php(614): CodeIgniter\Database\BaseConnection->initialize()
#3 /var/www/html/system/Database/BaseConnection.php(1525): CodeIgniter\Database\BaseConnection->query('SHOW TABLES FRO...')
#4 /var/www/html/system/Database/BaseConnection.php(1545): CodeIgniter\Database\BaseConnection->listTables()
#5 /var/www/html/system/Database/MigrationRunner.php(766): CodeIgniter\Database\BaseConnection->tableExists('migrations')
#6 /var/www/html/system/Database/MigrationRunner.php(160): CodeIgniter\Database\MigrationRunner->ensureTable()
#7 /var/www/html/system/Commands/Database/Migrate.php(85): CodeIgniter\Database\MigrationRunner->latest(NULL)
#8 /var/www/html/system/CLI/Commands.php(74): CodeIgniter\Commands\Database\Migrate->run(Array)
#9 /var/www/html/system/CLI/Console.php(47): CodeIgniter\CLI\Commands->run('migrate', Array)
#10 /var/www/html/system/Boot.php(388): CodeIgniter\CLI\Console->run()
#11 /var/www/html/system/Boot.php(133): CodeIgniter\Boot::runCommand(Object(CodeIgniter\CLI\Console))
#12 /var/www/html/spark(87): CodeIgniter\Boot::bootSpark(Object(Config\Paths))
#13 {main}

Next CodeIgniter\Database\Exceptions\DatabaseException: Access denied for **** '****'@'%' to database '****service' in /var/www/html/system/Database/MySQLi/Connection.php:246
Stack trace:
#0 /var/www/html/system/Database/BaseConnection.php(419): CodeIgniter\Database\MySQLi\Connection->connect(false)
#1 /var/www/html/system/Database/BaseConnection.php(614): CodeIgniter\Database\BaseConnection->initialize()
#2 /var/www/html/system/Database/BaseConnection.php(1525): CodeIgniter\Database\BaseConnection->query('SHOW TABLES FRO...')
#3 /var/www/html/system/Database/BaseConnection.php(1545): CodeIgniter\Database\BaseConnection->listTables()
#4 /var/www/html/system/Database/MigrationRunner.php(766): CodeIgniter\Database\BaseConnection->tableExists('migrations')
#5 /var/www/html/system/Database/MigrationRunner.php(160): CodeIgniter\Database\MigrationRunner->ensureTable()
#6 /var/www/html/system/Commands/Database/Migrate.php(85): CodeIgniter\Database\MigrationRunner->latest(NULL)
#7 /var/www/html/system/CLI/Commands.php(74): CodeIgniter\Commands\Database\Migrate->run(Array)
#8 /var/www/html/system/CLI/Console.php(47): CodeIgniter\CLI\Commands->run('migrate', Array)
#9 /var/www/html/system/Boot.php(388): CodeIgniter\CLI\Console->run()
#10 /var/www/html/system/Boot.php(133): CodeIgniter\Boot::runCommand(Object(CodeIgniter\CLI\Console))
#11 /var/www/html/spark(87): CodeIgniter\Boot::bootSpark(Object(Config\Paths))
#12 {main}
ERROR - 2026-01-04 01:25:24 --> Error connecting to the database: mysqli_sql_exception: Access denied for user 'user'@'%' to database 'userservice' in /var/www/html/system/Database/MySQLi/Connection.php:201
Stack trace:
#0 /var/www/html/system/Database/MySQLi/Connection.php(201): mysqli->real_connect('db', 'user', Object(SensitiveParameterValue), 'userservice', 3306, '', 0)
#1 /var/www/html/system/Database/BaseConnection.php(419): CodeIgniter\Database\MySQLi\Connection->connect(false)
#2 /var/www/html/system/Database/BaseConnection.php(614): CodeIgniter\Database\BaseConnection->initialize()
#3 /var/www/html/system/Database/BaseConnection.php(1525): CodeIgniter\Database\BaseConnection->query('SHOW TABLES FRO...')
#4 /var/www/html/system/Database/BaseConnection.php(1545): CodeIgniter\Database\BaseConnection->listTables()
#5 /var/www/html/system/Database/MigrationRunner.php(766): CodeIgniter\Database\BaseConnection->tableExists('migrations')
#6 /var/www/html/system/Database/MigrationRunner.php(160): CodeIgniter\Database\MigrationRunner->ensureTable()
#7 /var/www/html/system/Commands/Database/Migrate.php(85): CodeIgniter\Database\MigrationRunner->latest(NULL)
#8 /var/www/html/system/CLI/Commands.php(74): CodeIgniter\Commands\Database\Migrate->run(Array)
#9 /var/www/html/system/CLI/Console.php(47): CodeIgniter\CLI\Commands->run('migrate', Array)
#10 /var/www/html/system/Boot.php(388): CodeIgniter\CLI\Console->run()
#11 /var/www/html/system/Boot.php(133): CodeIgniter\Boot::runCommand(Object(CodeIgniter\CLI\Console))
#12 /var/www/html/spark(87): CodeIgniter\Boot::bootSpark(Object(Config\Paths))
#13 {main}

Next CodeIgniter\Database\Exceptions\DatabaseException: Access denied for **** '****'@'%' to database '****service' in /var/www/html/system/Database/MySQLi/Connection.php:246
Stack trace:
#0 /var/www/html/system/Database/BaseConnection.php(419): CodeIgniter\Database\MySQLi\Connection->connect(false)
#1 /var/www/html/system/Database/BaseConnection.php(614): CodeIgniter\Database\BaseConnection->initialize()
#2 /var/www/html/system/Database/BaseConnection.php(1525): CodeIgniter\Database\BaseConnection->query('SHOW TABLES FRO...')
#3 /var/www/html/system/Database/BaseConnection.php(1545): CodeIgniter\Database\BaseConnection->listTables()
#4 /var/www/html/system/Database/MigrationRunner.php(766): CodeIgniter\Database\BaseConnection->tableExists('migrations')
#5 /var/www/html/system/Database/MigrationRunner.php(160): CodeIgniter\Database\MigrationRunner->ensureTable()
#6 /var/www/html/system/Commands/Database/Migrate.php(85): CodeIgniter\Database\MigrationRunner->latest(NULL)
#7 /var/www/html/system/CLI/Commands.php(74): CodeIgniter\Commands\Database\Migrate->run(Array)
#8 /var/www/html/system/CLI/Console.php(47): CodeIgniter\CLI\Commands->run('migrate', Array)
#9 /var/www/html/system/Boot.php(388): CodeIgniter\CLI\Console->run()
#10 /var/www/html/system/Boot.php(133): CodeIgniter\Boot::runCommand(Object(CodeIgniter\CLI\Console))
#11 /var/www/html/spark(87): CodeIgniter\Boot::bootSpark(Object(Config\Paths))
#12 {main}
ERROR - 2026-01-04 10:22:37 --> mysqli_sql_exception: Table 'menu' already exists in /var/www/html/system/Database/MySQLi/Connection.php:327
Stack trace:
#0 /var/www/html/system/Database/MySQLi/Connection.php(327): mysqli->query('CREATE TABLE `m...', 0)
#1 /var/www/html/system/Database/BaseConnection.php(729): CodeIgniter\Database\MySQLi\Connection->execute('CREATE TABLE `m...')
#2 /var/www/html/system/Database/BaseConnection.php(646): CodeIgniter\Database\BaseConnection->simpleQuery('CREATE TABLE `m...')
#3 /var/www/html/system/Database/Forge.php(570): CodeIgniter\Database\BaseConnection->query('CREATE TABLE `m...')
#4 /var/www/html/app/Database/Migrations/2025-12-29-224626_Menu.php(59): CodeIgniter\Database\Forge->createTable('menu')
#5 /var/www/html/system/Database/MigrationRunner.php(874): App\Database\Migrations\Menu->up()
#6 /var/www/html/system/Database/MigrationRunner.php(180): CodeIgniter\Database\MigrationRunner->migrate('up', Object(stdClass))
#7 /var/www/html/system/Commands/Database/Migrate.php(85): CodeIgniter\Database\MigrationRunner->latest(NULL)
#8 /var/www/html/system/CLI/Commands.php(74): CodeIgniter\Commands\Database\Migrate->run(Array)
#9 /var/www/html/system/CLI/Console.php(47): CodeIgniter\CLI\Commands->run('migrate', Array)
#10 /var/www/html/system/Boot.php(388): CodeIgniter\CLI\Console->run()
#11 /var/www/html/system/Boot.php(133): CodeIgniter\Boot::runCommand(Object(CodeIgniter\CLI\Console))
#12 /var/www/html/spark(87): CodeIgniter\Boot::bootSpark(Object(Config\Paths))
#13 {main}
